git stash -u    (is used to store all the changes in to tmp storage and keep the working diectory clean)

$ git stash -u
Saved working directory and index state WIP on master: 6d7f38b Added git-

git stash list 

$ git stash list
stash@{0}: WIP on master: 6d7f38b Added git-commands
stash@{1}: WIP on master: 6d7f38b Added git-commands
stash@{2}: WIP on master: 6d7f38b Added git-commands
stash@{3}: WIP on master: 6d7f38b Added git-commands


git stash show



git stash apply

$ git stash apply
Already up to date!
On branch master
Your branch is up to date with 'origin/master'.

Untracked files:
  (use "git add <file>..." to include in what will be committed)

        git-advanced-commands

nothing added to commit but untracked files present (use "git add" to track)
